d:\downloads\openxr_performance_overlay_v0.1\obj\release\vc145.pdb
d:\downloads\openxr_performance_overlay_v0.1\obj\release\imgui_impl_dx11.obj
d:\downloads\openxr_performance_overlay_v0.1\obj\release\imgui_widgets.obj
d:\downloads\openxr_performance_overlay_v0.1\obj\release\imgui_tables.obj
d:\downloads\openxr_performance_overlay_v0.1\obj\release\imgui_draw.obj
d:\downloads\openxr_performance_overlay_v0.1\obj\release\imgui.obj
d:\downloads\openxr_performance_overlay_v0.1\obj\release\nvmlmonitor.obj
d:\downloads\openxr_performance_overlay_v0.1\obj\release\openxr_layer.obj
d:\downloads\openxr_performance_overlay_v0.1\bin\release\openxrperformanceoverlay.dll
d:\downloads\openxr_performance_overlay_v0.1\bin\release\openxrperformanceoverlay.pdb
d:\downloads\openxr_performance_overlay_v0.1\bin\release\openxrperformanceoverlay.lib
d:\downloads\openxr_performance_overlay_v0.1\bin\release\openxrperformanceoverlay.exp
d:\downloads\openxr_performance_overlay_v0.1\obj\release\openxrperformanceoverlay.ipdb
d:\downloads\openxr_performance_overlay_v0.1\obj\release\openxrperformanceoverlay.iobj
d:\downloads\openxr_performance_overlay_v0.1\obj\release\openxrperformanceoverlay.vcxproj.filelistabsolute.txt
d:\downloads\openxr_performance_overlay_v0.1\obj\release\openxrpe.6f4f9f18.tlog\cl.command.1.tlog
d:\downloads\openxr_performance_overlay_v0.1\obj\release\openxrpe.6f4f9f18.tlog\cl.items.tlog
d:\downloads\openxr_performance_overlay_v0.1\obj\release\openxrpe.6f4f9f18.tlog\cl.read.1.tlog
d:\downloads\openxr_performance_overlay_v0.1\obj\release\openxrpe.6f4f9f18.tlog\cl.write.1.tlog
d:\downloads\openxr_performance_overlay_v0.1\obj\release\openxrpe.6f4f9f18.tlog\link.command.1.tlog
d:\downloads\openxr_performance_overlay_v0.1\obj\release\openxrpe.6f4f9f18.tlog\link.read.1.tlog
d:\downloads\openxr_performance_overlay_v0.1\obj\release\openxrpe.6f4f9f18.tlog\link.secondary.1.tlog
d:\downloads\openxr_performance_overlay_v0.1\obj\release\openxrpe.6f4f9f18.tlog\link.write.1.tlog
